error: `--extern-location`: missing start offset on `span`

