error: `--extern-location`: unwanted extra param for `file`

