error: `--extern-location`: unwanted extra param for `span`

