error: unknown location type `badloc`: use `file`, `span` or `raw`

