warning: external crate `bar` unused in `extern_loc_file_bad_line`: remove the dependency or add `use bar as _;`
  --> $DIR/extern-loc-file-bad-line.rs:7:1
   |
LL | #![warn(unused_crate_dependencies)]
   | ^
   |
note: the lint level is defined here
  --> $DIR/extern-loc-file-bad-line.rs:7:9
   |
LL | #![warn(unused_crate_dependencies)]
   |         ^^^^^^^^^^^^^^^^^^^^^^^^^
   = help: remove unnecessary dependency `bar` at `$DIR/test.mk:300`

