error: unknown location type `missing-loc-type`: use `file`, `span` or `raw`

