error: `--extern-location`: missing end offset on `span`

