error: `--extern-location`: missing line number on `file`

