warning: External crate `barbar` unused in `unused_aliases`. Remove the dependency or add `use barbar as _;`.
  --> $DIR/unused-aliases.rs:10:1
   |
LL | #![warn(unused_crate_deps)]
   | ^
   |
note: the lint level is defined here
  --> $DIR/unused-aliases.rs:10:9
   |
LL | #![warn(unused_crate_deps)]
   |         ^^^^^^^^^^^^^^^^^

