warning: External crate `bar` unused in `warn_cmdline_dylib`. Remove the dependency or add `use bar as _;`.
  --> $DIR/warn-cmdline-dylib.rs:9:1
   |
LL | fn main() {}
   | ^
   |
   = note: requested on the command line with `-W unused-crate-deps`

