warning: External crate `bar` unused in `warn_cmdline`. Remove the dependency or add `use bar as _;`.
  --> $DIR/warn-cmdline.rs:10:1
   |
LL | fn main() {}
   | ^
   |
   = note: requested on the command line with `-W unused-crate-deps`

