warning: External crate `bar` unused in `warn_attr`. Remove the dependency or add `use bar as _;`.
  --> $DIR/warn-attr.rs:9:1
   |
LL | #![warn(unused_crate_deps)]
   | ^
   |
note: the lint level is defined here
  --> $DIR/warn-attr.rs:9:9
   |
LL | #![warn(unused_crate_deps)]
   |         ^^^^^^^^^^^^^^^^^

